
> servosight@1.0.0 build
> next build

Ôû▓ Next.js 16.1.6 (Turbopack)
- Environments: .env.local

  Creating an optimized production build ...
node.exe : 
At line:1 char:1
+ & "C:\Program Files\nodejs/node.exe" "C:\Program 
Files\nodejs/node_mo ...
+ ~~~~~~~~~~~~~~~~~~~~~~~~~~~~~~~~~~~~~~~~~~~~~~~~~~~
~~~~~~~~~~~~~~~~~~
    + CategoryInfo          : NotSpecified: (:String 
   ) [], RemoteException
    + FullyQualifiedErrorId : NativeCommandError
 
> Build error occurred
Error: Turbopack build failed with 1 errors:
./src/components/sheets/search-sheet.tsx:353:1
Parsing ecmascript source code failed
[0m [90m 351 |[39m [32m  );[39m
 [90m 352 |[39m [32m};[39m
[31m[1m>[22m[39m[90m 353 |[39m [32m[39m
 [90m     |[39m [31m[1m^[22m[39m[0m

Expected '</', got '<eof>'

Import traces:
  Client Component Browser:
    ./src/components/sheets/search-sheet.tsx [Client 
Component Browser]
    ./src/app/page.tsx [Client Component Browser]
    ./src/app/page.tsx [Server Component]

  Client Component SSR:
    ./src/components/sheets/search-sheet.tsx [Client 
Component SSR]
    ./src/app/page.tsx [Client Component SSR]
    ./src/app/page.tsx [Server Component]


    at <unknown> 
(./src/components/sheets/search-sheet.tsx:353:1)
