src/components/sheets/search-sheet.tsx(230,38): error TS1127: Invalid character.
src/components/sheets/search-sheet.tsx(230,92): error TS1381: Unexpected token. Did you mean `{'}'}` or `&rbrace;`?
src/components/sheets/search-sheet.tsx(230,93): error TS1381: Unexpected token. Did you mean `{'}'}` or `&rbrace;`?
src/components/sheets/search-sheet.tsx(233,19): error TS1382: Unexpected token. Did you mean `{'>'}` or `&gt;`?
src/components/sheets/search-sheet.tsx(235,19): error TS17002: Expected corresponding JSX closing tag for 'div'.
src/components/sheets/search-sheet.tsx(242,15): error TS17002: Expected corresponding JSX closing tag for 'motion.div'.
src/components/sheets/search-sheet.tsx(244,15): error TS1005: ')' expected.
src/components/sheets/search-sheet.tsx(340,11): error TS17002: Expected corresponding JSX closing tag for 'div'.
src/components/sheets/search-sheet.tsx(341,12): error TS1381: Unexpected token. Did you mean `{'}'}` or `&rbrace;`?
src/components/sheets/search-sheet.tsx(348,9): error TS17002: Expected corresponding JSX closing tag for 'DrawerContent'.
src/components/sheets/search-sheet.tsx(349,7): error TS17002: Expected corresponding JSX closing tag for 'Drawer'.
src/components/sheets/search-sheet.tsx(350,5): error TS1005: ')' expected.
src/components/sheets/search-sheet.tsx(351,3): error TS1109: Expression expected.
src/components/sheets/search-sheet.tsx(352,1): error TS1128: Declaration or statement expected.
